Command: /home/gijs/.espressif/python_env/idf5.5_py3.12_env/bin/python /home/gijs/esp/esp-idf-v5.5.1/tools/idf_monitor.py -p /dev/ttyUSB0 -b 115200 --toolchain-prefix xtensa-esp32-elf- --target esp32 --revision 0 /home/gijs/Documents/espidfProjects/modcon-drone/build/drone-modcon.elf /home/gijs/Documents/espidfProjects/modcon-drone/build/bootloader/bootloader.elf -m '/home/gijs/.espressif/python_env/idf5.5_py3.12_env/bin/python' '/home/gijs/esp/esp-idf-v5.5.1/tools/idf.py'
ets Jul 29 2019 12:21:46

rst:0x1 (POWERON_RESET),boot:0x13 (SPI_FAST_FLASH_BOOT)
configsip: 0, SPIWP:0xee
clk_drv:0x00,q_drv:0x00,d_drv:0x00,cs0_drv:0x00,hd_drv:0x00,wp_drv:0x00
mode:DIO, clock div:2
load:0x3fff0030,len:6380
ho 0 tail 12 room 4
load:0x40078000,len:15916
load:0x40080400,len:3860
entry 0x40080638
[0;32mI (29) boot: ESP-IDF v5.5.1 2nd stage bootloader[0m
[0;32mI (29) boot: compile time Nov 13 2025 10:41:36[0m
[0;32mI (29) boot: Multicore bootloader[0m
[0;32mI (31) boot: chip revision: v3.1[0m
[0;32mI (33) boot.esp32: SPI Speed      : 40MHz[0m
[0;32mI (37) boot.esp32: SPI Mode       : DIO[0m
[0;32mI (41) boot.esp32: SPI Flash Size : 2MB[0m
[0;32mI (44) boot: Enabling RNG early entropy source...[0m
[0;32mI (49) boot: Partition Table:[0m
[0;32mI (51) boot: ## Label            Usage          Type ST Offset   Length[0m
[0;32mI (58) boot:  0 nvs              WiFi data        01 02 00009000 00006000[0m
[0;32mI (64) boot:  1 phy_init         RF data          01 01 0000f000 00001000[0m
[0;32mI (71) boot:  2 factory          factory app      00 00 00010000 00100000[0m
[0;32mI (77) boot: End of partition table[0m
[0;32mI (81) esp_image: segment 0: paddr=00010020 vaddr=3f400020 size=08bd0h ( 35792) map[0m
[0;32mI (100) esp_image: segment 1: paddr=00018bf8 vaddr=3ffb0000 size=02208h (  8712) load[0m
[0;32mI (104) esp_image: segment 2: paddr=0001ae08 vaddr=40080000 size=05210h ( 21008) load[0m
[0;32mI (113) esp_image: segment 3: paddr=00020020 vaddr=400d0020 size=12480h ( 74880) map[0m
[0;32mI (139) esp_image: segment 4: paddr=000324a8 vaddr=40085210 size=07dc0h ( 32192) load[0m
[0;32mI (152) esp_image: segment 5: paddr=0003a270 vaddr=50000000 size=00020h (    32) load[0m
[0;32mI (159) boot: Loaded app from partition at offset 0x10000[0m
[0;32mI (159) boot: Disabling RNG early entropy source...[0m
[0;32mI (170) cpu_start: Multicore app[0m
[0;32mI (178) cpu_start: Pro cpu start user code[0m
[0;32mI (179) cpu_start: cpu freq: 160000000 Hz[0m
[0;32mI (179) app_init: Application information:[0m
[0;32mI (179) app_init: Project name:     drone-modcon[0m
[0;32mI (183) app_init: App version:      d7948f3[0m
[0;32mI (187) app_init: Compile time:     Nov 19 2025 11:40:14[0m
[0;32mI (192) app_init: ELF file SHA256:  be837a87a...[0m
[0;32mI (196) app_init: ESP-IDF:          v5.5.1[0m
[0;32mI (200) efuse_init: Min chip rev:     v0.0[0m
[0;32mI (204) efuse_init: Max chip rev:     v3.99 [0m
[0;32mI (208) efuse_init: Chip rev:         v3.1[0m
[0;32mI (212) heap_init: Initializing. RAM available for dynamic allocation:[0m
[0;32mI (218) heap_init: At 3FFAE6E0 len 00001920 (6 KiB): DRAM[0m
[0;32mI (223) heap_init: At 3FFB2A90 len 0002D570 (181 KiB): DRAM[0m
[0;32mI (228) heap_init: At 3FFE0440 len 00003AE0 (14 KiB): D/IRAM[0m
[0;32mI (234) heap_init: At 3FFE4350 len 0001BCB0 (111 KiB): D/IRAM[0m
[0;32mI (239) heap_init: At 4008CFD0 len 00013030 (76 KiB): IRAM[0m
[0;32mI (245) spi_flash: detected chip: generic[0m
[0;32mI (248) spi_flash: flash io: dio[0m
[0;33mW (251) spi_flash: Detected size(4096k) larger than the size in the binary image header(2048k). Using the size in the binary image header.[0m
[0;32mI (264) main_task: Started on CPU0[0m
[0;32mI (274) main_task: Calling app_main()[0m
[0;33mW (274) i2c.master: Please check pull-up resistances whether be connected properly. Otherwise unexpected behavior would happen. For more detailed information, please read docs[0m
data: $%@?8Gï¿½?ï¿½Lï¿½?    len: 0
[0;32mI (284) main_task: Returned from app_main()[0m
